== run 002_fault_position (kind=fault_position, workload=gemm, injector=nvbitfi) ==
[1/100] fp32 site=FFMA@0x810 reg=24 bit=None inst=54636642/1150287872 -> SDC (output corrupted (silent data corruption))
[2/100] ld site=LDG@0x620 reg=18 bit=None inst=307056805/2147483648 -> SDC (output corrupted (silent data corruption))
[3/100] gp site=FFMA@0x7a0 reg=14 bit=None inst=141002252/5681184768 -> SDC (output corrupted (silent data corruption))
[4/100] fp32 site=FFMA@0x780 reg=14 bit=None inst=17928186/1150287872 -> SDC (output corrupted (silent data corruption))
[5/100] ld site=LDG@0x3d0 reg=26 bit=None inst=198762814/2147483648 -> SDC (output corrupted (silent data corruption))
[6/100] gp site=?@? reg=None bit=None inst=1004579437/5681184768 -> CRASH (non-zero exit code 1)
[7/100] fp32 site=FFMA@0x4c0 reg=14 bit=None inst=209896304/1150287872 -> SDC (output corrupted (silent data corruption))
[8/100] ld site=LDG@0x6c0 reg=6 bit=None inst=99214332/2147483648 -> SDC (output corrupted (silent data corruption))
[9/100] gp site=?@? reg=None bit=None inst=545253716/5681184768 -> CRASH (non-zero exit code 1)
[10/100] fp32 site=FFMA@0x780 reg=14 bit=None inst=160029406/1150287872 -> SDC (output corrupted (silent data corruption))
[11/100] ld site=LDG@0x5b0 reg=29 bit=None inst=254175822/2147483648 -> SDC (output corrupted (silent data corruption))
[12/100] gp site=FFMA@0x780 reg=14 bit=None inst=769219719/5681184768 -> SDC (output corrupted (silent data corruption))
[13/100] fp32 site=FFMA@0x650 reg=8 bit=None inst=97392195/1150287872 -> SDC (output corrupted (silent data corruption))
[14/100] ld site=LDG@0x480 reg=7 bit=None inst=122352483/2147483648 -> SDC (output corrupted (silent data corruption))
[15/100] gp site=IADD3@0x3c0 reg=20 bit=None inst=1017883416/5681184768 -> SDC (output corrupted (silent data corruption))
[16/100] fp32 site=FFMA@0x650 reg=8 bit=None inst=154353171/1150287872 -> SDC (output corrupted (silent data corruption))
[17/100] ld site=LDG@0x330 reg=28 bit=None inst=203505199/2147483648 -> SDC (output corrupted (silent data corruption))
[18/100] gp site=LDG@0x5d0 reg=16 bit=None inst=280899012/5681184768 -> MASKED (observable output identical to golden)
[19/100] fp32 site=FFMA@0x7d0 reg=14 bit=None inst=130897825/1150287872 -> SDC (output corrupted (silent data corruption))
[20/100] ld site=LDG@0x630 reg=17 bit=None inst=49332090/2147483648 -> SDC (output corrupted (silent data corruption))
[21/100] gp site=LDG@0x720 reg=24 bit=None inst=1228854769/5681184768 -> SDC (output corrupted (silent data corruption))
[22/100] fp32 site=FFMA@0x650 reg=8 bit=None inst=337387094/1150287872 -> SDC (output corrupted (silent data corruption))
[23/100] ld site=LDG@0x390 reg=17 bit=None inst=543275656/2147483648 -> SDC (output corrupted (silent data corruption))
[24/100] gp site=?@? reg=None bit=None inst=1900343450/5681184768 -> CRASH (non-zero exit code 1)
[25/100] fp32 site=FFMA@0x790 reg=14 bit=None inst=241052729/1150287872 -> SDC (output corrupted (silent data corruption))
[26/100] ld site=LDG@0x360 reg=29 bit=None inst=453110136/2147483648 -> SDC (output corrupted (silent data corruption))
[27/100] gp site=IADD3@0x760 reg=5 bit=None inst=1286263397/5681184768 -> SDC (output corrupted (silent data corruption))
[28/100] fp32 site=FFMA@0x680 reg=20 bit=None inst=414089428/1150287872 -> SDC (output corrupted (silent data corruption))
[29/100] ld site=LDG@0x5d0 reg=16 bit=None inst=523663373/2147483648 -> SDC (output corrupted (silent data corruption))
[30/100] gp site=LDG@0x5d0 reg=16 bit=None inst=2204671538/5681184768 -> SDC (output corrupted (silent data corruption))
[31/100] fp32 site=FFMA@0x500 reg=14 bit=None inst=416790104/1150287872 -> SDC (output corrupted (silent data corruption))
[32/100] ld site=LDG@0x470 reg=20 bit=None inst=548790022/2147483648 -> MASKED (observable output identical to golden)
[33/100] gp site=LDG@0x3d0 reg=26 bit=None inst=1343054549/5681184768 -> SDC (output corrupted (silent data corruption))
[34/100] fp32 site=FFMA@0x7a0 reg=14 bit=None inst=389395956/1150287872 -> SDC (output corrupted (silent data corruption))
[35/100] ld site=LDG@0x2f0 reg=23 bit=None inst=828064189/2147483648 -> SDC (output corrupted (silent data corruption))
[36/100] gp site=?@? reg=None bit=None inst=2033271230/5681184768 -> CRASH (non-zero exit code 1)
[37/100] fp32 site=FFMA@0x7f0 reg=25 bit=None inst=280487219/1150287872 -> SDC (output corrupted (silent data corruption))
[38/100] ld site=LDG@0x360 reg=29 bit=None inst=702032131/2147483648 -> SDC (output corrupted (silent data corruption))
[39/100] gp site=?@? reg=None bit=None inst=1306045428/5681184768 -> CRASH (non-zero exit code 1)
[40/100] fp32 site=FFMA@0x810 reg=24 bit=None inst=264740387/1150287872 -> SDC (output corrupted (silent data corruption))
[41/100] ld site=LDG@0x3a0 reg=16 bit=None inst=905310548/2147483648 -> SDC (output corrupted (silent data corruption))
[42/100] gp site=?@? reg=None bit=None inst=2594291410/5681184768 -> CRASH (non-zero exit code 1)
[43/100] fp32 site=FFMA@0x740 reg=27 bit=None inst=544075714/1150287872 -> SDC (output corrupted (silent data corruption))
[44/100] ld site=LDG@0x730 reg=23 bit=None inst=861677359/2147483648 -> SDC (output corrupted (silent data corruption))
[45/100] gp site=IADD3@0x300 reg=14 bit=None inst=3185011865/5681184768 -> SDC (output corrupted (silent data corruption))
[46/100] fp32 site=FFMA@0x7a0 reg=14 bit=None inst=667403709/1150287872 -> SDC (output corrupted (silent data corruption))
[47/100] ld site=LDG@0x430 reg=6 bit=None inst=1111565191/2147483648 -> MASKED (observable output identical to golden)
[48/100] gp site=LDG@0x730 reg=23 bit=None inst=2649639938/5681184768 -> SDC (output corrupted (silent data corruption))
[49/100] fp32 site=FFMA@0x4c0 reg=14 bit=None inst=541593998/1150287872 -> SDC (output corrupted (silent data corruption))
[50/100] ld site=LDG@0x6c0 reg=6 bit=None inst=1021055121/2147483648 -> SDC (output corrupted (silent data corruption))
[51/100] gp site=LDG@0x5d0 reg=16 bit=None inst=2453370898/5681184768 -> SDC (output corrupted (silent data corruption))
[52/100] fp32 site=FFMA@0x4c0 reg=14 bit=None inst=509832219/1150287872 -> SDC (output corrupted (silent data corruption))
[53/100] ld site=LDG@0x430 reg=6 bit=None inst=1063947272/2147483648 -> MASKED (observable output identical to golden)
[54/100] gp site=IADD3@0x6b0 reg=8 bit=None inst=2454126974/5681184768 -> SDC (output corrupted (silent data corruption))
[55/100] fp32 site=?@? reg=None bit=None inst=460704901/1150287872 -> CRASH (non-zero exit code 1)
[56/100] ld site=LDG@0x360 reg=29 bit=None inst=1179205743/2147483648 -> SDC (output corrupted (silent data corruption))
[57/100] gp site=LDG@0x470 reg=20 bit=None inst=3182018273/5681184768 -> SDC (output corrupted (silent data corruption))
[58/100] fp32 site=FFMA@0x500 reg=14 bit=None inst=464346661/1150287872 -> SDC (output corrupted (silent data corruption))
[59/100] ld site=LDG@0x310 reg=24 bit=None inst=975551791/2147483648 -> SDC (output corrupted (silent data corruption))
[60/100] gp site=?@? reg=None bit=None inst=2459855825/5681184768 -> CRASH (non-zero exit code 1)
[61/100] fp32 site=FFMA@0x830 reg=22 bit=None inst=712337967/1150287872 -> SDC (output corrupted (silent data corruption))
[62/100] ld site=LDG@0x600 reg=15 bit=None inst=1365752342/2147483648 -> SDC (output corrupted (silent data corruption))
[63/100] gp site=LDG@0x4e0 reg=24 bit=None inst=4128780095/5681184768 -> SDC (output corrupted (silent data corruption))
[64/100] fp32 site=FFMA@0x5f0 reg=6 bit=None inst=825196793/1150287872 -> SDC (output corrupted (silent data corruption))
[65/100] ld site=LDG@0x450 reg=9 bit=None inst=1383672642/2147483648 -> SDC (output corrupted (silent data corruption))
[66/100] gp site=?@? reg=None bit=None inst=4349612548/5681184768 -> CRASH (non-zero exit code 1)
[67/100] fp32 site=FFMA@0x500 reg=14 bit=None inst=714621849/1150287872 -> SDC (output corrupted (silent data corruption))
[68/100] ld site=LDG@0x5b0 reg=29 bit=None inst=1298683179/2147483648 -> SDC (output corrupted (silent data corruption))
[69/100] gp site=?@? reg=None bit=None inst=4305529939/5681184768 -> CRASH (non-zero exit code 1)
[70/100] fp32 site=FFMA@0x680 reg=20 bit=None inst=782430187/1150287872 -> SDC (output corrupted (silent data corruption))
[71/100] ld site=LDG@0x390 reg=17 bit=None inst=1438833511/2147483648 -> SDC (output corrupted (silent data corruption))
[72/100] gp site=?@? reg=None bit=None inst=4125405600/5681184768 -> CRASH (non-zero exit code 1)
[73/100] fp32 site=FFMA@0x810 reg=24 bit=None inst=762455922/1150287872 -> SDC (output corrupted (silent data corruption))
[74/100] ld site=LDG@0x510 reg=27 bit=None inst=1654011745/2147483648 -> SDC (output corrupted (silent data corruption))
[75/100] gp site=?@? reg=None bit=None inst=3499444856/5681184768 -> CRASH (non-zero exit code 1)
[76/100] fp32 site=FFMA@0x7d0 reg=14 bit=None inst=803544348/1150287872 -> SDC (output corrupted (silent data corruption))
[77/100] ld site=LDG@0x310 reg=24 bit=None inst=1537425784/2147483648 -> SDC (output corrupted (silent data corruption))
[78/100] gp site=LDG@0x310 reg=24 bit=None inst=3563630389/5681184768 -> SDC (output corrupted (silent data corruption))
[79/100] fp32 site=FFMA@0x4c0 reg=14 bit=None inst=848069863/1150287872 -> SDC (output corrupted (silent data corruption))
[80/100] ld site=LDG@0x4b0 reg=25 bit=None inst=1485633641/2147483648 -> MASKED (observable output identical to golden)
[81/100] gp site=IADD3@0x540 reg=14 bit=None inst=5642758963/5681184768 -> SDC (output corrupted (silent data corruption))
[82/100] fp32 site=FFMA@0x7f0 reg=25 bit=None inst=963062067/1150287872 -> SDC (output corrupted (silent data corruption))
[83/100] ld site=LDG@0x3d0 reg=26 bit=None inst=1861505808/2147483648 -> SDC (output corrupted (silent data corruption))
[84/100] gp site=LDG@0x580 reg=14 bit=None inst=5188222111/5681184768 -> SDC (output corrupted (silent data corruption))
[85/100] fp32 site=FFMA@0x4c0 reg=14 bit=None inst=955229539/1150287872 -> SDC (output corrupted (silent data corruption))
[86/100] ld site=LDG@0x4b0 reg=25 bit=None inst=1823192501/2147483648 -> SDC (output corrupted (silent data corruption))
[87/100] gp site=LDG@0x6a0 reg=22 bit=None inst=4644220871/5681184768 -> SDC (output corrupted (silent data corruption))
[88/100] fp32 site=FFMA@0x780 reg=14 bit=None inst=1005388896/1150287872 -> SDC (output corrupted (silent data corruption))
[89/100] ld site=LDG@0x390 reg=17 bit=None inst=1979026791/2147483648 -> MASKED (observable output identical to golden)
[90/100] gp site=FFMA@0x7a0 reg=14 bit=None inst=5237329332/5681184768 -> SDC (output corrupted (silent data corruption))
[91/100] fp32 site=FFMA@0x7f0 reg=25 bit=None inst=989079773/1150287872 -> SDC (output corrupted (silent data corruption))
[92/100] ld site=LDG@0x3d0 reg=26 bit=None inst=1730464637/2147483648 -> SDC (output corrupted (silent data corruption))
[93/100] gp site=LDG@0x330 reg=28 bit=None inst=5455342819/5681184768 -> SDC (output corrupted (silent data corruption))
[94/100] fp32 site=FFMA@0x530 reg=29 bit=None inst=935397345/1150287872 -> SDC (output corrupted (silent data corruption))
[95/100] ld site=LDG@0x720 reg=24 bit=None inst=1827491277/2147483648 -> SDC (output corrupted (silent data corruption))
[96/100] gp site=LDG@0x750 reg=28 bit=None inst=5462343649/5681184768 -> SDC (output corrupted (silent data corruption))
[97/100] fp32 site=FFMA@0x810 reg=24 bit=None inst=1074649055/1150287872 -> SDC (output corrupted (silent data corruption))
[98/100] ld site=LDG@0x480 reg=7 bit=None inst=2044119011/2147483648 -> SDC (output corrupted (silent data corruption))
[99/100] gp site=LDG@0x640 reg=26 bit=None inst=4554771388/5681184768 -> SDC (output corrupted (silent data corruption))
[100/100] fp32 site=FFMA@0x570 reg=26 bit=None inst=954065240/1150287872 -> SDC (output corrupted (silent data corruption))

===== RESULT =====
Total   : 100
Masked  : 6
SDC     : 82
Crash   : 12
NotInj  : 0
SDC rate: 0.8200
Results : results/002_fault_position
