== run 003_fault_type (kind=fault_type, workload=gemm, injector=nvbitfi) ==
[1/100] fp32 site=FFMA@0x570 reg=26 bit=None inst=185177505/1150287872 -> SDC (output corrupted (silent data corruption))
[2/100] fp32 site=FFMA@0x570 reg=26 bit=None inst=426136963/1150287872 -> SDC (output corrupted (silent data corruption))
[3/100] fp32 site=FFMA@0x6e0 reg=7 bit=None inst=748547856/1150287872 -> SDC (output corrupted (silent data corruption))
[4/100] fp32 site=FFMA@0x780 reg=14 bit=None inst=700347560/1150287872 -> SDC (output corrupted (silent data corruption))
[5/100] fp32 site=FFMA@0x650 reg=8 bit=None inst=877695269/1150287872 -> MASKED (observable output identical to golden)
[6/100] fp32 site=FFMA@0x7a0 reg=14 bit=None inst=517537284/1150287872 -> SDC (output corrupted (silent data corruption))
[7/100] fp32 site=FFMA@0x7f0 reg=25 bit=None inst=95837215/1150287872 -> SDC (output corrupted (silent data corruption))
[8/100] fp32 site=FFMA@0x7f0 reg=25 bit=None inst=246376006/1150287872 -> SDC (output corrupted (silent data corruption))
[9/100] fp32 site=FFMA@0x500 reg=14 bit=None inst=147563129/1150287872 -> SDC (output corrupted (silent data corruption))
[10/100] fp32 site=FFMA@0x790 reg=14 bit=None inst=1059684540/1150287872 -> SDC (output corrupted (silent data corruption))
[11/100] fp32 site=FFMA@0x830 reg=22 bit=None inst=299625827/1150287872 -> SDC (output corrupted (silent data corruption))
[12/100] fp32 site=FFMA@0x740 reg=27 bit=None inst=275284663/1150287872 -> SDC (output corrupted (silent data corruption))
[13/100] fp32 site=FFMA@0x7a0 reg=14 bit=None inst=215525236/1150287872 -> SDC (output corrupted (silent data corruption))
[14/100] fp32 site=FFMA@0x780 reg=14 bit=None inst=928600709/1150287872 -> SDC (output corrupted (silent data corruption))
[15/100] fp32 site=FFMA@0x7a0 reg=14 bit=None inst=400848625/1150287872 -> SDC (output corrupted (silent data corruption))
[16/100] fp32 site=FFMA@0x810 reg=24 bit=None inst=1024588865/1150287872 -> SDC (output corrupted (silent data corruption))
[17/100] fp32 site=FFMA@0x790 reg=14 bit=None inst=659725231/1150287872 -> SDC (output corrupted (silent data corruption))
[18/100] fp32 site=FFMA@0x680 reg=20 bit=None inst=271939814/1150287872 -> SDC (output corrupted (silent data corruption))
[19/100] fp32 site=FFMA@0x680 reg=20 bit=None inst=337292077/1150287872 -> SDC (output corrupted (silent data corruption))
[20/100] fp32 site=FFMA@0x6e0 reg=7 bit=None inst=212595025/1150287872 -> SDC (output corrupted (silent data corruption))
[21/100] fp32 site=FFMA@0x650 reg=8 bit=None inst=72759494/1150287872 -> SDC (output corrupted (silent data corruption))
[22/100] fp32 site=FFMA@0x830 reg=22 bit=None inst=1104888664/1150287872 -> SDC (output corrupted (silent data corruption))
[23/100] fp32 site=FFMA@0x500 reg=14 bit=None inst=70259594/1150287872 -> SDC (output corrupted (silent data corruption))
[24/100] fp32 site=FFMA@0x7a0 reg=14 bit=None inst=1138878121/1150287872 -> SDC (output corrupted (silent data corruption))
[25/100] fp32 site=FFMA@0x680 reg=20 bit=None inst=467218548/1150287872 -> SDC (output corrupted (silent data corruption))
[26/100] fp32 site=FFMA@0x810 reg=24 bit=None inst=1012250693/1150287872 -> SDC (output corrupted (silent data corruption))
[27/100] fp32 site=FFMA@0x810 reg=24 bit=None inst=714840412/1150287872 -> SDC (output corrupted (silent data corruption))
[28/100] fp32 site=FFMA@0x7a0 reg=14 bit=None inst=451712446/1150287872 -> SDC (output corrupted (silent data corruption))
[29/100] fp32 site=FFMA@0x810 reg=24 bit=None inst=555426847/1150287872 -> SDC (output corrupted (silent data corruption))
[30/100] fp32 site=FFMA@0x790 reg=14 bit=None inst=446439016/1150287872 -> SDC (output corrupted (silent data corruption))
[31/100] fp32 site=FFMA@0x780 reg=14 bit=None inst=194653315/1150287872 -> SDC (output corrupted (silent data corruption))
[32/100] fp32 site=FFMA@0x7d0 reg=14 bit=None inst=1084776309/1150287872 -> SDC (output corrupted (silent data corruption))
[33/100] fp32 site=FFMA@0x7a0 reg=14 bit=None inst=650602531/1150287872 -> SDC (output corrupted (silent data corruption))
[34/100] fp32 site=FFMA@0x500 reg=14 bit=None inst=162028583/1150287872 -> SDC (output corrupted (silent data corruption))
[35/100] fp32 site=FFMA@0x650 reg=8 bit=None inst=975585697/1150287872 -> SDC (output corrupted (silent data corruption))
[36/100] fp32 site=FFMA@0x790 reg=14 bit=None inst=1090410534/1150287872 -> SDC (output corrupted (silent data corruption))
[37/100] fp32 site=FFMA@0x530 reg=29 bit=None inst=899548671/1150287872 -> SDC (output corrupted (silent data corruption))
[38/100] fp32 site=FFMA@0x780 reg=14 bit=None inst=870752906/1150287872 -> SDC (output corrupted (silent data corruption))
[39/100] fp32 site=FFMA@0x530 reg=29 bit=None inst=963630793/1150287872 -> SDC (output corrupted (silent data corruption))
[40/100] fp32 site=FFMA@0x4c0 reg=14 bit=None inst=477453650/1150287872 -> SDC (output corrupted (silent data corruption))
[41/100] fp32 site=FFMA@0x4c0 reg=14 bit=None inst=731482954/1150287872 -> SDC (output corrupted (silent data corruption))
[42/100] fp32 site=FFMA@0x810 reg=24 bit=None inst=420686934/1150287872 -> SDC (output corrupted (silent data corruption))
[43/100] fp32 site=FFMA@0x650 reg=8 bit=None inst=765574804/1150287872 -> SDC (output corrupted (silent data corruption))
[44/100] fp32 site=FFMA@0x680 reg=20 bit=None inst=191307542/1150287872 -> SDC (output corrupted (silent data corruption))
[45/100] fp32 site=FFMA@0x7a0 reg=14 bit=None inst=153151392/1150287872 -> SDC (output corrupted (silent data corruption))
[46/100] fp32 site=FFMA@0x7f0 reg=25 bit=None inst=559687176/1150287872 -> SDC (output corrupted (silent data corruption))
[47/100] fp32 site=FFMA@0x830 reg=22 bit=None inst=729178524/1150287872 -> SDC (output corrupted (silent data corruption))
[48/100] fp32 site=FFMA@0x650 reg=8 bit=None inst=347717567/1150287872 -> SDC (output corrupted (silent data corruption))
[49/100] fp32 site=FFMA@0x570 reg=26 bit=None inst=1094947944/1150287872 -> SDC (output corrupted (silent data corruption))
[50/100] fp32 site=FFMA@0x5f0 reg=6 bit=None inst=343103102/1150287872 -> SDC (output corrupted (silent data corruption))
[51/100] fp32 site=FFMA@0x790 reg=14 bit=None inst=209191740/1150287872 -> SDC (output corrupted (silent data corruption))
[52/100] fp32 site=FFMA@0x7f0 reg=25 bit=None inst=803738499/1150287872 -> SDC (output corrupted (silent data corruption))
[53/100] fp32 site=FFMA@0x530 reg=29 bit=None inst=586629995/1150287872 -> SDC (output corrupted (silent data corruption))
[54/100] fp32 site=FFMA@0x780 reg=14 bit=None inst=371695646/1150287872 -> SDC (output corrupted (silent data corruption))
[55/100] fp32 site=FFMA@0x810 reg=24 bit=None inst=607358472/1150287872 -> SDC (output corrupted (silent data corruption))
[56/100] fp32 site=FFMA@0x570 reg=26 bit=None inst=554823864/1150287872 -> SDC (output corrupted (silent data corruption))
[57/100] fp32 site=FFMA@0x790 reg=14 bit=None inst=688928006/1150287872 -> SDC (output corrupted (silent data corruption))
[58/100] fp32 site=FFMA@0x780 reg=14 bit=None inst=1049106605/1150287872 -> SDC (output corrupted (silent data corruption))
[59/100] fp32 site=FFMA@0x570 reg=26 bit=None inst=436308890/1150287872 -> SDC (output corrupted (silent data corruption))
[60/100] fp32 site=FFMA@0x5f0 reg=6 bit=None inst=564086602/1150287872 -> SDC (output corrupted (silent data corruption))
[61/100] fp32 site=FFMA@0x7f0 reg=25 bit=None inst=816063399/1150287872 -> SDC (output corrupted (silent data corruption))
[62/100] fp32 site=FFMA@0x780 reg=14 bit=None inst=1012956964/1150287872 -> SDC (output corrupted (silent data corruption))
[63/100] fp32 site=FFMA@0x6e0 reg=7 bit=None inst=1112666553/1150287872 -> SDC (output corrupted (silent data corruption))
[64/100] fp32 site=FFMA@0x6e0 reg=7 bit=None inst=753145401/1150287872 -> SDC (output corrupted (silent data corruption))
[65/100] fp32 site=?@? reg=None bit=None inst=957082910/1150287872 -> CRASH (non-zero exit code 1)
[66/100] fp32 site=FFMA@0x7d0 reg=14 bit=None inst=652934159/1150287872 -> SDC (output corrupted (silent data corruption))
[67/100] fp32 site=FFMA@0x500 reg=14 bit=None inst=619357213/1150287872 -> SDC (output corrupted (silent data corruption))
[68/100] fp32 site=FADD@0x120 reg=8 bit=None inst=674562/1150287872 -> MASKED (observable output identical to golden)
[69/100] fp32 site=FFMA@0x780 reg=14 bit=None inst=914241233/1150287872 -> SDC (output corrupted (silent data corruption))
[70/100] fp32 site=FFMA@0x7a0 reg=14 bit=None inst=378216495/1150287872 -> SDC (output corrupted (silent data corruption))
[71/100] fp32 site=FFMA@0x5f0 reg=6 bit=None inst=940596705/1150287872 -> SDC (output corrupted (silent data corruption))
[72/100] fp32 site=FFMA@0x5f0 reg=6 bit=None inst=1001359146/1150287872 -> SDC (output corrupted (silent data corruption))
[73/100] fp32 site=FFMA@0x790 reg=14 bit=None inst=170883410/1150287872 -> SDC (output corrupted (silent data corruption))
[74/100] fp32 site=?@? reg=None bit=None inst=343390439/1150287872 -> CRASH (non-zero exit code 1)
[75/100] fp32 site=FFMA@0x650 reg=8 bit=None inst=83511368/1150287872 -> SDC (output corrupted (silent data corruption))
[76/100] fp32 site=FFMA@0x530 reg=29 bit=None inst=491111801/1150287872 -> SDC (output corrupted (silent data corruption))
[77/100] fp32 site=FFMA@0x7d0 reg=14 bit=None inst=1066395244/1150287872 -> SDC (output corrupted (silent data corruption))
[78/100] fp32 site=FADD@0x7c0 reg=4 bit=None inst=31758311/1150287872 -> MASKED (observable output identical to golden)
[79/100] fp32 site=FFMA@0x570 reg=26 bit=None inst=624873130/1150287872 -> SDC (output corrupted (silent data corruption))
[80/100] fp32 site=FADD@0x7c0 reg=4 bit=None inst=32230419/1150287872 -> MASKED (observable output identical to golden)
[81/100] fp32 site=FFMA@0x790 reg=14 bit=None inst=231461351/1150287872 -> SDC (output corrupted (silent data corruption))
[82/100] fp32 site=FFMA@0x650 reg=8 bit=None inst=555368315/1150287872 -> SDC (output corrupted (silent data corruption))
[83/100] fp32 site=FADD@0xb0 reg=6 bit=None inst=99624/1150287872 -> MASKED (observable output identical to golden)
[84/100] fp32 site=FFMA@0x6e0 reg=7 bit=None inst=77231766/1150287872 -> SDC (output corrupted (silent data corruption))
[85/100] fp32 site=FFMA@0x830 reg=22 bit=None inst=609593724/1150287872 -> SDC (output corrupted (silent data corruption))
[86/100] fp32 site=FFMA@0x7a0 reg=14 bit=None inst=1039161184/1150287872 -> SDC (output corrupted (silent data corruption))
[87/100] fp32 site=FFMA@0x7f0 reg=25 bit=None inst=883379302/1150287872 -> SDC (output corrupted (silent data corruption))
[88/100] fp32 site=FFMA@0x6e0 reg=7 bit=None inst=881874756/1150287872 -> SDC (output corrupted (silent data corruption))
[89/100] fp32 site=FFMA@0x780 reg=14 bit=None inst=590751271/1150287872 -> SDC (output corrupted (silent data corruption))
[90/100] fp32 site=FFMA@0x570 reg=26 bit=None inst=847472642/1150287872 -> SDC (output corrupted (silent data corruption))
[91/100] fp32 site=FFMA@0x680 reg=20 bit=None inst=452340028/1150287872 -> SDC (output corrupted (silent data corruption))
[92/100] fp32 site=FFMA@0x680 reg=20 bit=None inst=261752564/1150287872 -> SDC (output corrupted (silent data corruption))
[93/100] fp32 site=FFMA@0x790 reg=14 bit=None inst=1095559494/1150287872 -> SDC (output corrupted (silent data corruption))
[94/100] fp32 site=FADD@0x7c0 reg=4 bit=None inst=420410145/1150287872 -> MASKED (observable output identical to golden)
[95/100] fp32 site=FFMA@0x5f0 reg=6 bit=None inst=300309671/1150287872 -> SDC (output corrupted (silent data corruption))
[96/100] fp32 site=FFMA@0x500 reg=14 bit=None inst=1008712272/1150287872 -> SDC (output corrupted (silent data corruption))
[97/100] fp32 site=FFMA@0x830 reg=22 bit=None inst=83559993/1150287872 -> SDC (output corrupted (silent data corruption))
[98/100] fp32 site=FFMA@0x6e0 reg=7 bit=None inst=476054364/1150287872 -> SDC (output corrupted (silent data corruption))
[99/100] fp32 site=FFMA@0x740 reg=27 bit=None inst=942317015/1150287872 -> SDC (output corrupted (silent data corruption))
[100/100] fp32 site=FFMA@0x4c0 reg=14 bit=None inst=79910000/1150287872 -> SDC (output corrupted (silent data corruption))

===== RESULT =====
Total   : 100
Masked  : 6
SDC     : 92
Crash   : 2
NotInj  : 0
SDC rate: 0.9200
Results : results/003_fault_type
