== run 004_fault_bit (kind=fault_bit, workload=gemm, injector=nvbitfi) ==
[1/96] fp32 site=FFMA@0x810 reg=24 bit=0 inst=32397277/1150287872 -> MASKED (observable output identical to golden)
[2/96] fp32 site=FFMA@0x570 reg=26 bit=0 inst=389761742/1150287872 -> SDC (output corrupted (silent data corruption))
[3/96] fp32 site=FFMA@0x4c0 reg=14 bit=0 inst=572599875/1150287872 -> SDC (output corrupted (silent data corruption))
[4/96] fp32 site=FFMA@0x570 reg=26 bit=1 inst=713479967/1150287872 -> SDC (output corrupted (silent data corruption))
[5/96] fp32 site=FFMA@0x4c0 reg=14 bit=1 inst=58521787/1150287872 -> SDC (output corrupted (silent data corruption))
[6/96] fp32 site=FFMA@0x810 reg=24 bit=1 inst=433361630/1150287872 -> SDC (output corrupted (silent data corruption))
[7/96] fp32 site=FFMA@0x810 reg=24 bit=2 inst=729188505/1150287872 -> SDC (output corrupted (silent data corruption))
[8/96] fp32 site=FFMA@0x680 reg=20 bit=2 inst=952128882/1150287872 -> MASKED (observable output identical to golden)
[9/96] fp32 site=FFMA@0x5f0 reg=6 bit=2 inst=776247014/1150287872 -> MASKED (observable output identical to golden)
[10/96] fp32 site=FFMA@0x7d0 reg=14 bit=3 inst=564790099/1150287872 -> SDC (output corrupted (silent data corruption))
[11/96] fp32 site=FFMA@0x780 reg=14 bit=3 inst=391839603/1150287872 -> SDC (output corrupted (silent data corruption))
[12/96] fp32 site=FFMA@0x650 reg=8 bit=3 inst=289893118/1150287872 -> SDC (output corrupted (silent data corruption))
[13/96] fp32 site=FADD@0x7c0 reg=4 bit=4 inst=794697188/1150287872 -> SDC (output corrupted (silent data corruption))
[14/96] fp32 site=FFMA@0x570 reg=26 bit=4 inst=519796363/1150287872 -> SDC (output corrupted (silent data corruption))
[15/96] fp32 site=FFMA@0x810 reg=24 bit=4 inst=218639334/1150287872 -> SDC (output corrupted (silent data corruption))
[16/96] fp32 site=FADD@0x7c0 reg=4 bit=5 inst=372230428/1150287872 -> SDC (output corrupted (silent data corruption))
[17/96] fp32 site=FFMA@0x570 reg=26 bit=5 inst=942468663/1150287872 -> SDC (output corrupted (silent data corruption))
[18/96] fp32 site=FFMA@0x5f0 reg=6 bit=5 inst=247151809/1150287872 -> SDC (output corrupted (silent data corruption))
[19/96] fp32 site=FFMA@0x7a0 reg=14 bit=6 inst=360542354/1150287872 -> SDC (output corrupted (silent data corruption))
[20/96] fp32 site=FFMA@0x780 reg=14 bit=6 inst=1142411123/1150287872 -> SDC (output corrupted (silent data corruption))
[21/96] fp32 site=FFMA@0x7f0 reg=25 bit=6 inst=359274546/1150287872 -> SDC (output corrupted (silent data corruption))
[22/96] fp32 site=FFMA@0x7d0 reg=14 bit=7 inst=138217170/1150287872 -> SDC (output corrupted (silent data corruption))
[23/96] fp32 site=FFMA@0x810 reg=24 bit=7 inst=44181088/1150287872 -> SDC (output corrupted (silent data corruption))
[24/96] fp32 site=FFMA@0x810 reg=24 bit=7 inst=861156931/1150287872 -> SDC (output corrupted (silent data corruption))
[25/96] fp32 site=FFMA@0x5f0 reg=6 bit=8 inst=354013221/1150287872 -> SDC (output corrupted (silent data corruption))
[26/96] fp32 site=FFMA@0x7d0 reg=14 bit=8 inst=35765687/1150287872 -> SDC (output corrupted (silent data corruption))
[27/96] fp32 site=FFMA@0x4c0 reg=14 bit=8 inst=275696993/1150287872 -> SDC (output corrupted (silent data corruption))
[28/96] fp32 site=FFMA@0x7a0 reg=14 bit=9 inst=835467801/1150287872 -> SDC (output corrupted (silent data corruption))
[29/96] fp32 site=FFMA@0x7d0 reg=14 bit=9 inst=745926931/1150287872 -> SDC (output corrupted (silent data corruption))
[30/96] fp32 site=FFMA@0x500 reg=14 bit=9 inst=858704324/1150287872 -> SDC (output corrupted (silent data corruption))
[31/96] fp32 site=FFMA@0x7a0 reg=14 bit=10 inst=576257198/1150287872 -> SDC (output corrupted (silent data corruption))
[32/96] fp32 site=FFMA@0x7d0 reg=14 bit=10 inst=1077177769/1150287872 -> SDC (output corrupted (silent data corruption))
[33/96] fp32 site=FFMA@0x530 reg=29 bit=10 inst=677354532/1150287872 -> SDC (output corrupted (silent data corruption))
[34/96] fp32 site=FFMA@0x570 reg=26 bit=11 inst=107784579/1150287872 -> SDC (output corrupted (silent data corruption))
[35/96] fp32 site=FFMA@0x810 reg=24 bit=11 inst=374372221/1150287872 -> SDC (output corrupted (silent data corruption))
[36/96] fp32 site=FFMA@0x680 reg=20 bit=11 inst=573073410/1150287872 -> SDC (output corrupted (silent data corruption))
[37/96] fp32 site=FFMA@0x570 reg=26 bit=12 inst=211825238/1150287872 -> SDC (output corrupted (silent data corruption))
[38/96] fp32 site=FFMA@0x6e0 reg=7 bit=12 inst=564736286/1150287872 -> SDC (output corrupted (silent data corruption))
[39/96] fp32 site=FFMA@0x570 reg=26 bit=12 inst=484065858/1150287872 -> SDC (output corrupted (silent data corruption))
[40/96] fp32 site=FFMA@0x780 reg=14 bit=13 inst=1134523563/1150287872 -> SDC (output corrupted (silent data corruption))
[41/96] fp32 site=FFMA@0x4c0 reg=14 bit=13 inst=791067329/1150287872 -> SDC (output corrupted (silent data corruption))
[42/96] fp32 site=?@? reg=None bit=13 inst=962304313/1150287872 -> CRASH (non-zero exit code 1)
[43/96] fp32 site=FFMA@0x680 reg=20 bit=14 inst=1140893628/1150287872 -> SDC (output corrupted (silent data corruption))
[44/96] fp32 site=FFMA@0x4c0 reg=14 bit=14 inst=761113120/1150287872 -> SDC (output corrupted (silent data corruption))
[45/96] fp32 site=FFMA@0x680 reg=20 bit=14 inst=737994094/1150287872 -> SDC (output corrupted (silent data corruption))
[46/96] fp32 site=FFMA@0x740 reg=27 bit=15 inst=404619697/1150287872 -> SDC (output corrupted (silent data corruption))
[47/96] fp32 site=FFMA@0x5f0 reg=6 bit=15 inst=990033208/1150287872 -> SDC (output corrupted (silent data corruption))
[48/96] fp32 site=FFMA@0x650 reg=8 bit=15 inst=327765113/1150287872 -> SDC (output corrupted (silent data corruption))
[49/96] fp32 site=FFMA@0x5f0 reg=6 bit=16 inst=1135189700/1150287872 -> SDC (output corrupted (silent data corruption))
[50/96] fp32 site=FFMA@0x4c0 reg=14 bit=16 inst=843045277/1150287872 -> SDC (output corrupted (silent data corruption))
[51/96] fp32 site=FFMA@0x790 reg=14 bit=16 inst=27194093/1150287872 -> SDC (output corrupted (silent data corruption))
[52/96] fp32 site=FFMA@0x530 reg=29 bit=17 inst=11500138/1150287872 -> SDC (output corrupted (silent data corruption))
[53/96] fp32 site=FFMA@0x7d0 reg=14 bit=17 inst=243254391/1150287872 -> SDC (output corrupted (silent data corruption))
[54/96] fp32 site=FFMA@0x7f0 reg=25 bit=17 inst=264121116/1150287872 -> SDC (output corrupted (silent data corruption))
[55/96] fp32 site=FFMA@0x7a0 reg=14 bit=18 inst=93265531/1150287872 -> SDC (output corrupted (silent data corruption))
[56/96] fp32 site=FFMA@0x530 reg=29 bit=18 inst=597954857/1150287872 -> SDC (output corrupted (silent data corruption))
[57/96] fp32 site=FFMA@0x7d0 reg=14 bit=18 inst=160812872/1150287872 -> SDC (output corrupted (silent data corruption))
[58/96] fp32 site=FFMA@0x680 reg=20 bit=19 inst=1074034116/1150287872 -> SDC (output corrupted (silent data corruption))
[59/96] fp32 site=FFMA@0x7d0 reg=14 bit=19 inst=628114049/1150287872 -> SDC (output corrupted (silent data corruption))
[60/96] fp32 site=FFMA@0x740 reg=27 bit=19 inst=253287464/1150287872 -> SDC (output corrupted (silent data corruption))
[61/96] fp32 site=FFMA@0x6e0 reg=7 bit=20 inst=790487699/1150287872 -> SDC (output corrupted (silent data corruption))
[62/96] fp32 site=?@? reg=None bit=20 inst=862265489/1150287872 -> CRASH (non-zero exit code 1)
[63/96] fp32 site=FFMA@0x650 reg=8 bit=20 inst=831160998/1150287872 -> SDC (output corrupted (silent data corruption))
[64/96] fp32 site=?@? reg=None bit=21 inst=10811942/1150287872 -> CRASH (non-zero exit code 1)
[65/96] fp32 site=FFMA@0x680 reg=20 bit=21 inst=721184802/1150287872 -> SDC (output corrupted (silent data corruption))
[66/96] fp32 site=FFMA@0x790 reg=14 bit=21 inst=777695626/1150287872 -> SDC (output corrupted (silent data corruption))
[67/96] fp32 site=FFMA@0x650 reg=8 bit=22 inst=725888889/1150287872 -> SDC (output corrupted (silent data corruption))
[68/96] fp32 site=FFMA@0x650 reg=8 bit=22 inst=1035623089/1150287872 -> SDC (output corrupted (silent data corruption))
[69/96] fp32 site=FFMA@0x7a0 reg=14 bit=22 inst=1146229784/1150287872 -> SDC (output corrupted (silent data corruption))
[70/96] fp32 site=FFMA@0x6e0 reg=7 bit=23 inst=482179822/1150287872 -> SDC (output corrupted (silent data corruption))
[71/96] fp32 site=FFMA@0x830 reg=22 bit=23 inst=69764288/1150287872 -> SDC (output corrupted (silent data corruption))
[72/96] fp32 site=FFMA@0x790 reg=14 bit=23 inst=837120567/1150287872 -> SDC (output corrupted (silent data corruption))
[73/96] fp32 site=FFMA@0x6e0 reg=7 bit=24 inst=1018167538/1150287872 -> SDC (output corrupted (silent data corruption))
[74/96] fp32 site=FFMA@0x740 reg=27 bit=24 inst=924193875/1150287872 -> SDC (output corrupted (silent data corruption))
[75/96] fp32 site=FFMA@0x500 reg=14 bit=24 inst=434242535/1150287872 -> SDC (output corrupted (silent data corruption))
[76/96] fp32 site=FFMA@0x830 reg=22 bit=25 inst=983539110/1150287872 -> SDC (output corrupted (silent data corruption))
[77/96] fp32 site=FFMA@0x680 reg=20 bit=25 inst=1140298419/1150287872 -> SDC (output corrupted (silent data corruption))
[78/96] fp32 site=FFMA@0x7d0 reg=14 bit=25 inst=456689649/1150287872 -> SDC (output corrupted (silent data corruption))
[79/96] fp32 site=FFMA@0x810 reg=24 bit=26 inst=379381189/1150287872 -> SDC (output corrupted (silent data corruption))
[80/96] fp32 site=FFMA@0x5f0 reg=6 bit=26 inst=141900597/1150287872 -> SDC (output corrupted (silent data corruption))
[81/96] fp32 site=FFMA@0x780 reg=14 bit=26 inst=590766683/1150287872 -> SDC (output corrupted (silent data corruption))
[82/96] fp32 site=FFMA@0x4c0 reg=14 bit=27 inst=146597106/1150287872 -> SDC (output corrupted (silent data corruption))
[83/96] fp32 site=FFMA@0x4c0 reg=14 bit=27 inst=564966810/1150287872 -> SDC (output corrupted (silent data corruption))
[84/96] fp32 site=FFMA@0x830 reg=22 bit=27 inst=379654227/1150287872 -> SDC (output corrupted (silent data corruption))
[85/96] fp32 site=FFMA@0x6e0 reg=7 bit=28 inst=761069874/1150287872 -> SDC (output corrupted (silent data corruption))
[86/96] fp32 site=FFMA@0x570 reg=26 bit=28 inst=156981367/1150287872 -> SDC (output corrupted (silent data corruption))
[87/96] fp32 site=FFMA@0x7f0 reg=25 bit=28 inst=1137174694/1150287872 -> SDC (output corrupted (silent data corruption))
[88/96] fp32 site=FFMA@0x5f0 reg=6 bit=29 inst=18641011/1150287872 -> SDC (output corrupted (silent data corruption))
[89/96] fp32 site=FFMA@0x500 reg=14 bit=29 inst=687718357/1150287872 -> SDC (output corrupted (silent data corruption))
[90/96] fp32 site=FFMA@0x7a0 reg=14 bit=29 inst=1039785344/1150287872 -> SDC (output corrupted (silent data corruption))
[91/96] fp32 site=FFMA@0x780 reg=14 bit=30 inst=561390716/1150287872 -> SDC (output corrupted (silent data corruption))
[92/96] fp32 site=FFMA@0x7f0 reg=25 bit=30 inst=1070012532/1150287872 -> SDC (output corrupted (silent data corruption))
[93/96] fp32 site=FFMA@0x570 reg=26 bit=30 inst=514972517/1150287872 -> SDC (output corrupted (silent data corruption))
[94/96] fp32 site=FFMA@0x7a0 reg=14 bit=31 inst=543511317/1150287872 -> SDC (output corrupted (silent data corruption))
[95/96] fp32 site=FFMA@0x4c0 reg=14 bit=31 inst=693126108/1150287872 -> SDC (output corrupted (silent data corruption))
[96/96] fp32 site=FFMA@0x570 reg=26 bit=31 inst=829951391/1150287872 -> SDC (output corrupted (silent data corruption))

===== RESULT =====
Total   : 96
Masked  : 3
SDC     : 90
Crash   : 3
NotInj  : 0
SDC rate: 0.9375
Results : results/004_fault_bit
