== run 005_gemm_size (kind=gemm_size, workload=gemm, injector=nvbitfi) ==
[1/40] fp32 site=FFMA@0x740 reg=27 bit=None inst=3215511/18415616 -> SDC (output corrupted (silent data corruption))
[2/40] fp32 site=FFMA@0x7f0 reg=25 bit=None inst=9634114/18415616 -> SDC (output corrupted (silent data corruption))
[3/40] fp32 site=FFMA@0x530 reg=29 bit=None inst=2334134/18415616 -> SDC (output corrupted (silent data corruption))
[4/40] fp32 site=FFMA@0x790 reg=14 bit=None inst=6619934/18415616 -> SDC (output corrupted (silent data corruption))
[5/40] fp32 site=FFMA@0x810 reg=24 bit=None inst=3302555/18415616 -> SDC (output corrupted (silent data corruption))
[6/40] fp32 site=?@? reg=None bit=None inst=11810806/18415616 -> CRASH (non-zero exit code 1)
[7/40] fp32 site=FFMA@0x6e0 reg=7 bit=None inst=7871559/18415616 -> SDC (output corrupted (silent data corruption))
[8/40] fp32 site=FFMA@0x740 reg=27 bit=None inst=5133939/18415616 -> SDC (output corrupted (silent data corruption))
[9/40] fp32 site=FFMA@0x7f0 reg=25 bit=None inst=6793462/18415616 -> SDC (output corrupted (silent data corruption))
[10/40] fp32 site=FFMA@0x7d0 reg=14 bit=None inst=10972796/18415616 -> SDC (output corrupted (silent data corruption))
[11/40] fp32 site=FFMA@0x500 reg=14 bit=None inst=2553930/144965632 -> SDC (output corrupted (silent data corruption))
[12/40] fp32 site=FFMA@0x740 reg=27 bit=None inst=42127373/144965632 -> SDC (output corrupted (silent data corruption))
[13/40] fp32 site=FFMA@0x680 reg=20 bit=None inst=17097264/144965632 -> SDC (output corrupted (silent data corruption))
[14/40] fp32 site=FFMA@0x790 reg=14 bit=None inst=136575692/144965632 -> SDC (output corrupted (silent data corruption))
[15/40] fp32 site=FFMA@0x7d0 reg=14 bit=None inst=137480242/144965632 -> SDC (output corrupted (silent data corruption))
[16/40] fp32 site=FFMA@0x810 reg=24 bit=None inst=30339495/144965632 -> SDC (output corrupted (silent data corruption))
[17/40] fp32 site=FFMA@0x6e0 reg=7 bit=None inst=134092905/144965632 -> SDC (output corrupted (silent data corruption))
[18/40] fp32 site=FFMA@0x6e0 reg=7 bit=None inst=100541853/144965632 -> SDC (output corrupted (silent data corruption))
[19/40] fp32 site=FFMA@0x530 reg=29 bit=None inst=130082876/144965632 -> SDC (output corrupted (silent data corruption))
[20/40] fp32 site=FFMA@0x680 reg=20 bit=None inst=76426367/144965632 -> SDC (output corrupted (silent data corruption))
[21/40] fp32 site=FFMA@0x6e0 reg=7 bit=None inst=235661478/1150287872 -> SDC (output corrupted (silent data corruption))
[22/40] fp32 site=FFMA@0x7a0 reg=14 bit=None inst=59018518/1150287872 -> SDC (output corrupted (silent data corruption))
[23/40] fp32 site=FFMA@0x740 reg=27 bit=None inst=590409110/1150287872 -> SDC (output corrupted (silent data corruption))
[24/40] fp32 site=?@? reg=None bit=None inst=841807765/1150287872 -> CRASH (non-zero exit code 1)
[25/40] fp32 site=FFMA@0x740 reg=27 bit=None inst=713302178/1150287872 -> SDC (output corrupted (silent data corruption))
[26/40] fp32 site=FFMA@0x6e0 reg=7 bit=None inst=899740438/1150287872 -> SDC (output corrupted (silent data corruption))
[27/40] fp32 site=FFMA@0x7a0 reg=14 bit=None inst=741877554/1150287872 -> SDC (output corrupted (silent data corruption))
[28/40] fp32 site=FFMA@0x790 reg=14 bit=None inst=247939137/1150287872 -> SDC (output corrupted (silent data corruption))
[29/40] fp32 site=?@? reg=None bit=None inst=563970636/1150287872 -> CRASH (non-zero exit code 1)
[30/40] fp32 site=FFMA@0x530 reg=29 bit=None inst=132242301/1150287872 -> SDC (output corrupted (silent data corruption))
[31/40] fp32 site=?@? reg=None bit=None inst=7342984204/9164554240 -> CRASH (timeout)
[32/40] fp32 site=?@? reg=None bit=None inst=5081371315/9164554240 -> CRASH (timeout)
[33/40] fp32 site=FFMA@0x7a0 reg=14 bit=None inst=2504320273/9164554240 -> SDC (output corrupted (silent data corruption))
[34/40] fp32 site=FFMA@0x780 reg=14 bit=None inst=3352378046/9164554240 -> SDC (output corrupted (silent data corruption))
[35/40] fp32 site=FFMA@0x680 reg=20 bit=None inst=3495754630/9164554240 -> SDC (output corrupted (silent data corruption))
[36/40] fp32 site=FFMA@0x500 reg=14 bit=None inst=2511580110/9164554240 -> SDC (output corrupted (silent data corruption))
[37/40] fp32 site=FFMA@0x500 reg=14 bit=None inst=3102946975/9164554240 -> SDC (output corrupted (silent data corruption))
[38/40] fp32 site=?@? reg=None bit=None inst=6119669792/9164554240 -> CRASH (timeout)
[39/40] fp32 site=?@? reg=None bit=None inst=5637722032/9164554240 -> CRASH (timeout)
[40/40] fp32 site=?@? reg=None bit=None inst=8578642999/9164554240 -> CRASH (timeout)

===== RESULT =====
Total   : 40
Masked  : 0
SDC     : 32
Crash   : 8
NotInj  : 0
SDC rate: 0.8000
Results : results/005_gemm_size
