== run 006_data_pattern (kind=data_pattern, workload=gemm, injector=nvbitfi) ==
[1/100] fp32 site=FFMA@0x6e0 reg=7 bit=None inst=318430856/1150287872 -> SDC (output corrupted (silent data corruption))
[2/100] fp32 site=FFMA@0x5f0 reg=6 bit=None inst=636570823/1150287872 -> SDC (output corrupted (silent data corruption))
[3/100] fp32 site=FFMA@0x830 reg=22 bit=None inst=330350336/1150287872 -> SDC (output corrupted (silent data corruption))
[4/100] fp32 site=FFMA@0x530 reg=29 bit=None inst=737111241/1150287872 -> SDC (output corrupted (silent data corruption))
[5/100] fp32 site=FFMA@0x790 reg=14 bit=None inst=261504658/1150287872 -> SDC (output corrupted (silent data corruption))
[6/100] fp32 site=FFMA@0x4c0 reg=14 bit=None inst=466886725/1150287872 -> SDC (output corrupted (silent data corruption))
[7/100] fp32 site=FFMA@0x7a0 reg=14 bit=None inst=173153317/1150287872 -> SDC (output corrupted (silent data corruption))
[8/100] fp32 site=FFMA@0x680 reg=20 bit=None inst=179959370/1150287872 -> SDC (output corrupted (silent data corruption))
[9/100] fp32 site=FFMA@0x7f0 reg=25 bit=None inst=821166101/1150287872 -> SDC (output corrupted (silent data corruption))
[10/100] fp32 site=FFMA@0x530 reg=29 bit=None inst=265563731/1150287872 -> SDC (output corrupted (silent data corruption))
[11/100] fp32 site=FFMA@0x810 reg=24 bit=None inst=544004225/1150287872 -> SDC (output corrupted (silent data corruption))
[12/100] fp32 site=FFMA@0x530 reg=29 bit=None inst=370443216/1150287872 -> SDC (output corrupted (silent data corruption))
[13/100] fp32 site=?@? reg=None bit=None inst=702128405/1150287872 -> CRASH (non-zero exit code 1)
[14/100] fp32 site=FFMA@0x780 reg=14 bit=None inst=63963043/1150287872 -> SDC (output corrupted (silent data corruption))
[15/100] fp32 site=FFMA@0x810 reg=24 bit=None inst=1042109579/1150287872 -> SDC (output corrupted (silent data corruption))
[16/100] fp32 site=FFMA@0x5f0 reg=6 bit=None inst=877178636/1150287872 -> SDC (output corrupted (silent data corruption))
[17/100] fp32 site=FFMA@0x6e0 reg=7 bit=None inst=2783164/1150287872 -> SDC (output corrupted (silent data corruption))
[18/100] fp32 site=?@? reg=None bit=None inst=350285995/1150287872 -> CRASH (non-zero exit code 1)
[19/100] fp32 site=FFMA@0x830 reg=22 bit=None inst=306834231/1150287872 -> SDC (output corrupted (silent data corruption))
[20/100] fp32 site=FFMA@0x740 reg=27 bit=None inst=873432079/1150287872 -> SDC (output corrupted (silent data corruption))
[21/100] fp32 site=FFMA@0x830 reg=22 bit=None inst=203434407/1150287872 -> SDC (output corrupted (silent data corruption))
[22/100] fp32 site=FFMA@0x780 reg=14 bit=None inst=519032730/1150287872 -> SDC (output corrupted (silent data corruption))
[23/100] fp32 site=FFMA@0x500 reg=14 bit=None inst=399627383/1150287872 -> SDC (output corrupted (silent data corruption))
[24/100] fp32 site=FFMA@0x6e0 reg=7 bit=None inst=690329481/1150287872 -> SDC (output corrupted (silent data corruption))
[25/100] fp32 site=FFMA@0x650 reg=8 bit=None inst=661201379/1150287872 -> SDC (output corrupted (silent data corruption))
[26/100] fp32 site=?@? reg=None bit=None inst=126663458/1150287872 -> CRASH (non-zero exit code 1)
[27/100] fp32 site=FFMA@0x650 reg=8 bit=None inst=165662373/1150287872 -> SDC (output corrupted (silent data corruption))
[28/100] fp32 site=FFMA@0x6e0 reg=7 bit=None inst=1090980411/1150287872 -> SDC (output corrupted (silent data corruption))
[29/100] fp32 site=FFMA@0x7a0 reg=14 bit=None inst=713208759/1150287872 -> SDC (output corrupted (silent data corruption))
[30/100] fp32 site=FFMA@0x650 reg=8 bit=None inst=1091207204/1150287872 -> MASKED (observable output identical to golden)
[31/100] fp32 site=FFMA@0x790 reg=14 bit=None inst=1143163019/1150287872 -> SDC (output corrupted (silent data corruption))
[32/100] fp32 site=FFMA@0x810 reg=24 bit=None inst=90562850/1150287872 -> SDC (output corrupted (silent data corruption))
[33/100] fp32 site=FFMA@0x500 reg=14 bit=None inst=445550178/1150287872 -> SDC (output corrupted (silent data corruption))
[34/100] fp32 site=FFMA@0x6e0 reg=7 bit=None inst=274310716/1150287872 -> SDC (output corrupted (silent data corruption))
[35/100] fp32 site=FFMA@0x650 reg=8 bit=None inst=61121543/1150287872 -> SDC (output corrupted (silent data corruption))
[36/100] fp32 site=FFMA@0x830 reg=22 bit=None inst=392831696/1150287872 -> SDC (output corrupted (silent data corruption))
[37/100] fp32 site=FFMA@0x7d0 reg=14 bit=None inst=458201318/1150287872 -> SDC (output corrupted (silent data corruption))
[38/100] fp32 site=FFMA@0x570 reg=26 bit=None inst=637611456/1150287872 -> MASKED (observable output identical to golden)
[39/100] fp32 site=FFMA@0x650 reg=8 bit=None inst=576055358/1150287872 -> SDC (output corrupted (silent data corruption))
[40/100] fp32 site=FFMA@0x790 reg=14 bit=None inst=383026450/1150287872 -> SDC (output corrupted (silent data corruption))
[41/100] fp32 site=FFMA@0x7f0 reg=25 bit=None inst=540174241/1150287872 -> SDC (output corrupted (silent data corruption))
[42/100] fp32 site=FFMA@0x650 reg=8 bit=None inst=548208158/1150287872 -> SDC (output corrupted (silent data corruption))
[43/100] fp32 site=FFMA@0x740 reg=27 bit=None inst=96209440/1150287872 -> SDC (output corrupted (silent data corruption))
[44/100] fp32 site=FFMA@0x7a0 reg=14 bit=None inst=607319412/1150287872 -> SDC (output corrupted (silent data corruption))
[45/100] fp32 site=FFMA@0x810 reg=24 bit=None inst=1084642402/1150287872 -> SDC (output corrupted (silent data corruption))
[46/100] fp32 site=FFMA@0x6e0 reg=7 bit=None inst=530701247/1150287872 -> SDC (output corrupted (silent data corruption))
[47/100] fp32 site=FFMA@0x780 reg=14 bit=None inst=940536707/1150287872 -> SDC (output corrupted (silent data corruption))
[48/100] fp32 site=FFMA@0x810 reg=24 bit=None inst=957978229/1150287872 -> SDC (output corrupted (silent data corruption))
[49/100] fp32 site=FFMA@0x740 reg=27 bit=None inst=567453111/1150287872 -> SDC (output corrupted (silent data corruption))
[50/100] fp32 site=FFMA@0x7f0 reg=25 bit=None inst=1104460789/1150287872 -> SDC (output corrupted (silent data corruption))
[51/100] fp32 site=FFMA@0x680 reg=20 bit=None inst=17511130/1150287872 -> SDC (output corrupted (silent data corruption))
[52/100] fp32 site=FFMA@0x6e0 reg=7 bit=None inst=206519688/1150287872 -> SDC (output corrupted (silent data corruption))
[53/100] fp32 site=FFMA@0x7d0 reg=14 bit=None inst=143669098/1150287872 -> SDC (output corrupted (silent data corruption))
[54/100] fp32 site=FFMA@0x570 reg=26 bit=None inst=2952349/1150287872 -> SDC (output corrupted (silent data corruption))
[55/100] fp32 site=FFMA@0x7a0 reg=14 bit=None inst=306309869/1150287872 -> SDC (output corrupted (silent data corruption))
[56/100] fp32 site=FFMA@0x830 reg=22 bit=None inst=790777043/1150287872 -> SDC (output corrupted (silent data corruption))
[57/100] fp32 site=FFMA@0x7a0 reg=14 bit=None inst=353115061/1150287872 -> SDC (output corrupted (silent data corruption))
[58/100] fp32 site=FFMA@0x6e0 reg=7 bit=None inst=44486176/1150287872 -> SDC (output corrupted (silent data corruption))
[59/100] fp32 site=FFMA@0x740 reg=27 bit=None inst=990421937/1150287872 -> SDC (output corrupted (silent data corruption))
[60/100] fp32 site=FFMA@0x7a0 reg=14 bit=None inst=244578454/1150287872 -> SDC (output corrupted (silent data corruption))
[61/100] fp32 site=FFMA@0x740 reg=27 bit=None inst=1080553208/1150287872 -> SDC (output corrupted (silent data corruption))
[62/100] fp32 site=FFMA@0x810 reg=24 bit=None inst=907572758/1150287872 -> SDC (output corrupted (silent data corruption))
[63/100] fp32 site=FFMA@0x500 reg=14 bit=None inst=669096335/1150287872 -> SDC (output corrupted (silent data corruption))
[64/100] fp32 site=FFMA@0x7f0 reg=25 bit=None inst=959786788/1150287872 -> SDC (output corrupted (silent data corruption))
[65/100] fp32 site=FFMA@0x4c0 reg=14 bit=None inst=375138710/1150287872 -> SDC (output corrupted (silent data corruption))
[66/100] fp32 site=FFMA@0x5f0 reg=6 bit=None inst=73154340/1150287872 -> SDC (output corrupted (silent data corruption))
[67/100] fp32 site=FFMA@0x650 reg=8 bit=None inst=253265663/1150287872 -> SDC (output corrupted (silent data corruption))
[68/100] fp32 site=FFMA@0x740 reg=27 bit=None inst=890787970/1150287872 -> SDC (output corrupted (silent data corruption))
[69/100] fp32 site=FFMA@0x7a0 reg=14 bit=None inst=447037288/1150287872 -> SDC (output corrupted (silent data corruption))
[70/100] fp32 site=FFMA@0x530 reg=29 bit=None inst=888574660/1150287872 -> SDC (output corrupted (silent data corruption))
[71/100] fp32 site=FFMA@0x530 reg=29 bit=None inst=887105461/1150287872 -> SDC (output corrupted (silent data corruption))
[72/100] fp32 site=FFMA@0x6e0 reg=7 bit=None inst=301011295/1150287872 -> SDC (output corrupted (silent data corruption))
[73/100] fp32 site=FFMA@0x7a0 reg=14 bit=None inst=245876594/1150287872 -> SDC (output corrupted (silent data corruption))
[74/100] fp32 site=FFMA@0x830 reg=22 bit=None inst=759828740/1150287872 -> SDC (output corrupted (silent data corruption))
[75/100] fp32 site=FFMA@0x570 reg=26 bit=None inst=373601608/1150287872 -> SDC (output corrupted (silent data corruption))
[76/100] fp32 site=?@? reg=None bit=None inst=1091799953/1150287872 -> CRASH (non-zero exit code 1)
[77/100] fp32 site=FFMA@0x810 reg=24 bit=None inst=659445171/1150287872 -> SDC (output corrupted (silent data corruption))
[78/100] fp32 site=FFMA@0x7f0 reg=25 bit=None inst=1030181153/1150287872 -> SDC (output corrupted (silent data corruption))
[79/100] fp32 site=FFMA@0x6e0 reg=7 bit=None inst=1002954353/1150287872 -> SDC (output corrupted (silent data corruption))
[80/100] fp32 site=FFMA@0x6e0 reg=7 bit=None inst=848006184/1150287872 -> SDC (output corrupted (silent data corruption))
[81/100] fp32 site=FFMA@0x790 reg=14 bit=None inst=38699258/1150287872 -> SDC (output corrupted (silent data corruption))
[82/100] fp32 site=FFMA@0x7d0 reg=14 bit=None inst=453465002/1150287872 -> SDC (output corrupted (silent data corruption))
[83/100] fp32 site=FFMA@0x650 reg=8 bit=None inst=857228980/1150287872 -> SDC (output corrupted (silent data corruption))
[84/100] fp32 site=FFMA@0x680 reg=20 bit=None inst=862844854/1150287872 -> SDC (output corrupted (silent data corruption))
[85/100] fp32 site=FFMA@0x6e0 reg=7 bit=None inst=153835259/1150287872 -> SDC (output corrupted (silent data corruption))
[86/100] fp32 site=FFMA@0x780 reg=14 bit=None inst=308192892/1150287872 -> MASKED (observable output identical to golden)
[87/100] fp32 site=FFMA@0x810 reg=24 bit=None inst=548238831/1150287872 -> SDC (output corrupted (silent data corruption))
[88/100] fp32 site=FFMA@0x7a0 reg=14 bit=None inst=227726787/1150287872 -> SDC (output corrupted (silent data corruption))
[89/100] fp32 site=FFMA@0x740 reg=27 bit=None inst=1099923121/1150287872 -> SDC (output corrupted (silent data corruption))
[90/100] fp32 site=FFMA@0x830 reg=22 bit=None inst=1116772266/1150287872 -> SDC (output corrupted (silent data corruption))
[91/100] fp32 site=FFMA@0x740 reg=27 bit=None inst=326855551/1150287872 -> SDC (output corrupted (silent data corruption))
[92/100] fp32 site=FFMA@0x7d0 reg=14 bit=None inst=1123012362/1150287872 -> SDC (output corrupted (silent data corruption))
[93/100] fp32 site=FFMA@0x530 reg=29 bit=None inst=777090366/1150287872 -> SDC (output corrupted (silent data corruption))
[94/100] fp32 site=FFMA@0x740 reg=27 bit=None inst=409039402/1150287872 -> SDC (output corrupted (silent data corruption))
[95/100] fp32 site=FFMA@0x6e0 reg=7 bit=None inst=736318459/1150287872 -> SDC (output corrupted (silent data corruption))
[96/100] fp32 site=FFMA@0x740 reg=27 bit=None inst=923634423/1150287872 -> SDC (output corrupted (silent data corruption))
[97/100] fp32 site=FFMA@0x740 reg=27 bit=None inst=926376053/1150287872 -> SDC (output corrupted (silent data corruption))
[98/100] fp32 site=FFMA@0x740 reg=27 bit=None inst=404313040/1150287872 -> SDC (output corrupted (silent data corruption))
[99/100] fp32 site=FFMA@0x530 reg=29 bit=None inst=248663699/1150287872 -> MASKED (observable output identical to golden)
[100/100] fp32 site=FFMA@0x4c0 reg=14 bit=None inst=865408489/1150287872 -> SDC (output corrupted (silent data corruption))

===== RESULT =====
Total   : 100
Masked  : 4
SDC     : 92
Crash   : 4
NotInj  : 0
SDC rate: 0.9200
Results : results/006_data_pattern
