== run 007_reduce_atomic (kind=uniform, workload=reduce, injector=nvbitfi) ==
[1/60] atom target=memory/atomic site=ATOM@0x630 reg=6 inst=253/512 -> MASKED (observable output identical to golden)
[2/60] fp32 target=arithmetic/fp32 site=FADD@0x410 reg=15 inst=668106/1310464 -> SDC (output corrupted (silent data corruption))
[3/60] ld target=memory/load site=LDG@0x360 reg=6 inst=737553/1179392 -> SDC (output corrupted (silent data corruption))
[4/60] gp target=meta/gp site=FADD@0x410 reg=15 inst=5027957/6620704 -> SDC (output corrupted (silent data corruption))
[5/60] atom target=memory/atomic site=ATOM@0x630 reg=6 inst=41/512 -> MASKED (observable output identical to golden)
[6/60] fp32 target=arithmetic/fp32 site=FADD@0x420 reg=15 inst=482983/1310464 -> SDC (output corrupted (silent data corruption))
[7/60] ld target=memory/load site=LDG@0x3a0 reg=10 inst=588104/1179392 -> SDC (output corrupted (silent data corruption))
[8/60] gp target=meta/gp site=LDG@0x3b0 reg=12 inst=4840829/6620704 -> SDC (output corrupted (silent data corruption))
[9/60] atom target=memory/atomic site=ATOM@0x630 reg=6 inst=49/512 -> MASKED (observable output identical to golden)
[10/60] fp32 target=arithmetic/fp32 site=FADD@0x400 reg=15 inst=357808/1310464 -> SDC (output corrupted (silent data corruption))
[11/60] ld target=memory/load site=LDG@0x360 reg=6 inst=1086958/1179392 -> SDC (output corrupted (silent data corruption))
[12/60] gp target=meta/gp site=?@? reg=None inst=3283460/6620704 -> CRASH (non-zero exit code 1)
[13/60] atom target=memory/atomic site=ATOM@0x630 reg=6 inst=107/512 -> MASKED (observable output identical to golden)
[14/60] fp32 target=arithmetic/fp32 site=FADD@0x3f0 reg=15 inst=1229127/1310464 -> SDC (output corrupted (silent data corruption))
[15/60] ld target=memory/load site=LDG@0x3a0 reg=10 inst=1102640/1179392 -> MASKED (observable output identical to golden)
[16/60] gp target=meta/gp site=?@? reg=None inst=4010038/6620704 -> CRASH (non-zero exit code 1)
[17/60] atom target=memory/atomic site=ATOM@0x630 reg=6 inst=357/512 -> MASKED (observable output identical to golden)
[18/60] fp32 target=arithmetic/fp32 site=FADD@0x420 reg=15 inst=384413/1310464 -> MASKED (observable output identical to golden)
[19/60] ld target=memory/load site=LDG@0x380 reg=8 inst=181796/1179392 -> SDC (output corrupted (silent data corruption))
[20/60] gp target=meta/gp site=IADD3@0x120 reg=9 inst=739807/6620704 -> MASKED (observable output identical to golden)
[21/60] atom target=memory/atomic site=ATOM@0x630 reg=6 inst=329/512 -> MASKED (observable output identical to golden)
[22/60] fp32 target=arithmetic/fp32 site=FADD@0x410 reg=15 inst=706742/1310464 -> MASKED (observable output identical to golden)
[23/60] ld target=memory/load site=LDG@0x380 reg=8 inst=882889/1179392 -> SDC (output corrupted (silent data corruption))
[24/60] gp target=meta/gp site=LDG@0x3b0 reg=12 inst=6083322/6620704 -> SDC (output corrupted (silent data corruption))
[25/60] atom target=memory/atomic site=ATOM@0x630 reg=6 inst=483/512 -> MASKED (observable output identical to golden)
[26/60] fp32 target=arithmetic/fp32 site=FADD@0x530 reg=7 inst=1169313/1310464 -> SDC (output corrupted (silent data corruption))
[27/60] ld target=memory/load site=LDG@0x3a0 reg=10 inst=837733/1179392 -> MASKED (observable output identical to golden)
[28/60] gp target=meta/gp site=LDG@0x3a0 reg=10 inst=3034771/6620704 -> SDC (output corrupted (silent data corruption))
[29/60] atom target=memory/atomic site=ATOM@0x630 reg=6 inst=33/512 -> MASKED (observable output identical to golden)
[30/60] fp32 target=arithmetic/fp32 site=FADD@0x3f0 reg=15 inst=1083375/1310464 -> SDC (output corrupted (silent data corruption))
[31/60] ld target=memory/load site=LDG@0x3a0 reg=10 inst=487313/1179392 -> SDC (output corrupted (silent data corruption))
[32/60] gp target=meta/gp site=FADD@0x450 reg=4 inst=4174964/6620704 -> MASKED (observable output identical to golden)
[33/60] atom target=memory/atomic site=ATOM@0x620 reg=4 inst=148/512 -> MASKED (observable output identical to golden)
[34/60] fp32 target=arithmetic/fp32 site=FADD@0x400 reg=15 inst=117623/1310464 -> SDC (output corrupted (silent data corruption))
[35/60] ld target=memory/load site=LDG@0x3a0 reg=10 inst=98823/1179392 -> SDC (output corrupted (silent data corruption))
[36/60] gp target=meta/gp site=MUFU@0x130 reg=8 inst=1885009/6620704 -> MASKED (observable output identical to golden)
[37/60] atom target=memory/atomic site=ATOM@0x620 reg=4 inst=226/512 -> MASKED (observable output identical to golden)
[38/60] fp32 target=arithmetic/fp32 site=FADD@0x470 reg=4 inst=648113/1310464 -> MASKED (observable output identical to golden)
[39/60] ld target=memory/load site=LDG@0x3a0 reg=10 inst=504039/1179392 -> SDC (output corrupted (silent data corruption))
[40/60] gp target=meta/gp site=?@? reg=None inst=4832698/6620704 -> CRASH (non-zero exit code 1)
[41/60] atom target=memory/atomic site=ATOM@0x630 reg=6 inst=19/512 -> MASKED (observable output identical to golden)
[42/60] fp32 target=arithmetic/fp32 site=FADD@0x470 reg=4 inst=701389/1310464 -> MASKED (observable output identical to golden)
[43/60] ld target=memory/load site=LDG@0x3a0 reg=10 inst=285702/1179392 -> SDC (output corrupted (silent data corruption))
[44/60] gp target=meta/gp site=FADD@0x420 reg=15 inst=3516011/6620704 -> MASKED (observable output identical to golden)
[45/60] atom target=memory/atomic site=ATOM@0x620 reg=4 inst=380/512 -> MASKED (observable output identical to golden)
[46/60] fp32 target=arithmetic/fp32 site=FADD@0x3f0 reg=15 inst=1276547/1310464 -> SDC (output corrupted (silent data corruption))
[47/60] ld target=memory/load site=LDG@0x380 reg=8 inst=318417/1179392 -> MASKED (observable output identical to golden)
[48/60] gp target=meta/gp site=IADD3@0x3c0 reg=5 inst=5212252/6620704 -> SDC (output corrupted (silent data corruption))
[49/60] atom target=memory/atomic site=ATOM@0x620 reg=4 inst=418/512 -> MASKED (observable output identical to golden)
[50/60] fp32 target=arithmetic/fp32 site=FADD@0x400 reg=15 inst=213306/1310464 -> SDC (output corrupted (silent data corruption))
[51/60] ld target=memory/load site=LDG@0x3a0 reg=10 inst=503474/1179392 -> SDC (output corrupted (silent data corruption))
[52/60] gp target=meta/gp site=FADD@0x410 reg=15 inst=1511192/6620704 -> SDC (output corrupted (silent data corruption))
[53/60] atom target=memory/atomic site=ATOM@0x630 reg=6 inst=274/512 -> MASKED (observable output identical to golden)
[54/60] fp32 target=arithmetic/fp32 site=FADD@0x410 reg=15 inst=100388/1310464 -> SDC (output corrupted (silent data corruption))
[55/60] ld target=memory/load site=LDG@0x3a0 reg=10 inst=820375/1179392 -> MASKED (observable output identical to golden)
[56/60] gp target=meta/gp site=MOV@0xb0 reg=15 inst=961264/6620704 -> MASKED (observable output identical to golden)
[57/60] atom target=memory/atomic site=ATOM@0x620 reg=4 inst=492/512 -> MASKED (observable output identical to golden)
[58/60] fp32 target=arithmetic/fp32 site=FADD@0x3f0 reg=15 inst=346361/1310464 -> SDC (output corrupted (silent data corruption))
[59/60] ld target=memory/load site=LDG@0x3a0 reg=10 inst=289927/1179392 -> MASKED (observable output identical to golden)
[60/60] gp target=meta/gp site=IMAD@0x0 reg=1 inst=6668/6620704 -> MASKED (observable output identical to golden)

===== RESULT =====
Total   : 60
Masked  : 30
SDC     : 27
Crash   : 3
NotInj  : 0
SDC rate: 0.4500
Results : /home/dzy/gpu-sdc-lab/results/007_reduce_atomic
